
> panchakarma-therapy@0.0.0 build
> vite build

[36mvite v7.3.1 [32mbuilding client environment for production...[36m[39m
transforming...
[32mΓ£ô[39m 38 modules transformed.
npm : [31mΓ£ù[39m Build failed in 869ms
At line:1 char:1
+ npm run build > build_output.txt 2>&1
+ ~~~~~~~~~~~~~~~~~~~~~~~~~~~~~~~~~~~~~
    + CategoryInfo          : NotSpecified: (    [31mΓ£ù[39m Build failed in 869ms:Strin    g) [], RemoteException
    + FullyQualifiedErrorId : NativeCommandEr    ror
 
[31merror during build:
[31m[vite]: Rollup failed to resolve import "prop-types" from "D:/AI/panchakarma-therapy/src/routes/PrivateRoute.jsx".
This is most likely unintended because it can break your application at runtime.
If you do want to externalize this module explicitly add it to
`build.rollupOptions.external`[31m
    at viteLog (file:///D:/AI/panchakarma-therapy/node_modules/vite/dist/node/chunks/config.js:33635:57)
    at file:///D:/AI/panchakarma-therapy/node_modules/vite/dist/node/chunks/config.js:33669:73
    at onwarn (file:///D:/AI/panchakarma-therapy/node_modules/@vitejs/plugin-react/dist/index.js:76:7)
    at file:///D:/AI/panchakarma-therapy/node_modules/vite/dist/node/chunks/config.js:33669:28
    at onRollupLog (file:///D:/AI/panchakarma-therapy/node_modules/vite/dist/node/chunks/config.js:33664:63)
    at onLog (file:///D:/AI/panchakarma-therapy/node_modules/vite/dist/node/chunks/config.js:33467:4)
    at file:///D:/AI/panchakarma-therapy/node_modules/rollup/dist/es/shared/node-entry.js:20958:32
    at Object.logger [as onLog] (file:///D:/AI/panchakarma-therapy/node_modules/rollup/dist/es/shared/node-entry.js:22945:9)
    at ModuleLoader.handleInvalidResolvedId (file:///D:/AI/panchakarma-therapy/node_modules/rollup/dist/es/shared/node-entry.js:21689:26)
    at file:///D:/AI/panchakarma-therapy/node_modules/rollup/dist/es/shared/node-entry.js:21647:26[39m
